{
    "reconst - dtimetrics_with_b0mask": {
        "content": [
            {
                "0": [
                    
                ],
                "1": [
                    
                ],
                "10": [
                    
                ],
                "11": [
                    
                ],
                "12": [
                    
                ],
                "13": [
                    
                ],
                "14": [
                    
                ],
                "15": [
                    
                ],
                "16": [
                    
                ],
                "17": [
                    
                ],
                "18": [
                    
                ],
                "19": [
                    
                ],
                "2": [
                    
                ],
                "20": [
                    
                ],
                "21": [
                    
                ],
                "22": [
                    
                ],
                "23": [
                    
                ],
                "24": [
                    
                ],
                "25": [
                    
                ],
                "26": [
                    "versions.yml:md5,f057a83131297624fb6d9db93df8d749"
                ],
                "3": [
                    
                ],
                "4": [
                    
                ],
                "5": [
                    
                ],
                "6": [
                    
                ],
                "7": [
                    
                ],
                "8": [
                    
                ],
                "9": [
                    [
                        {
                            "id": "test",
                            "single_end": false
                        },
                        "test__fa.nii.gz:md5,ffdeea3d3076349124c1d9a65dba0406"
                    ]
                ],
                "ad": [
                    
                ],
                "evals": [
                    
                ],
                "evals_e1": [
                    
                ],
                "evals_e2": [
                    
                ],
                "evals_e3": [
                    
                ],
                "evecs": [
                    
                ],
                "evecs_v1": [
                    
                ],
                "evecs_v2": [
                    
                ],
                "evecs_v3": [
                    
                ],
                "fa": [
                    [
                        {
                            "id": "test",
                            "single_end": false
                        },
                        "test__fa.nii.gz:md5,ffdeea3d3076349124c1d9a65dba0406"
                    ]
                ],
                "ga": [
                    
                ],
                "md": [
                    
                ],
                "mode": [
                    
                ],
                "nonphysical": [
                    
                ],
                "norm": [
                    
                ],
                "pulsation_std_dwi": [
                    
                ],
                "rd": [
                    
                ],
                "residual": [
                    
                ],
                "residual_iqr_residuals": [
                    
                ],
                "residual_mean_residuals": [
                    
                ],
                "residual_q1_residuals": [
                    
                ],
                "residual_q3_residuals": [
                    
                ],
                "residual_residuals_stats": [
                    
                ],
                "residual_std_residuals": [
                    
                ],
                "rgb": [
                    
                ],
                "tensor": [
                    
                ],
                "versions": [
                    "versions.yml:md5,f057a83131297624fb6d9db93df8d749"
                ]
            }
        ],
        "meta": {
            "nf-test": "0.9.0-rc1",
            "nextflow": "24.04.2"
        },
        "timestamp": "2024-06-20T15:59:53.151976"
    },
    "reconst - dtimetrics": {
        "content": [
            {
                "0": [
                    [
                        {
                            "id": "test",
                            "single_end": false
                        },
                        "test__ad.nii.gz:md5,ece4e1d0fc03f4bafc882b63285984d3"
                    ]
                ],
                "1": [
                    [
                        {
                            "id": "test",
                            "single_end": false
                        },
                        "test__evecs.nii.gz:md5,4a5a99932c7308a82675f65fdec54ad4"
                    ]
                ],
                "10": [
                    [
                        {
                            "id": "test",
                            "single_end": false
                        },
                        "test__ga.nii.gz:md5,531a1d6d77358da4a4bfad5008f0d1d0"
                    ]
                ],
                "11": [
                    [
                        {
                            "id": "test",
                            "single_end": false
                        },
                        "test__rgb.nii.gz:md5,601b67930e79dbf23dfaeb5aafe6f3e7"
                    ]
                ],
                "12": [
                    [
                        {
                            "id": "test",
                            "single_end": false
                        },
                        "test__md.nii.gz:md5,d9a6ca6d7ad205b8ec0a90f0db4c53d9"
                    ]
                ],
                "13": [
                    [
                        {
                            "id": "test",
                            "single_end": false
                        },
                        "test__mode.nii.gz:md5,0cce8b4665bf86842d70cd3e00600ba7"
                    ]
                ],
                "14": [
                    [
                        {
                            "id": "test",
                            "single_end": false
                        },
                        "test__norm.nii.gz:md5,43bbacd3d40499f3ca050212e5742975"
                    ]
                ],
                "15": [
                    [
                        {
                            "id": "test",
                            "single_end": false
                        },
                        "test__rd.nii.gz:md5,d33a7089844a53184c0548cdf8899efa"
                    ]
                ],
                "16": [
                    [
                        {
                            "id": "test",
                            "single_end": false
                        },
                        "test__tensor.nii.gz:md5,708a682e94de668f2a9881d32d332ae5"
                    ]
                ],
                "17": [
                    [
                        {
                            "id": "test",
                            "single_end": false
                        },
                        "test__nonphysical.nii.gz:md5,7da6de5ad6e7c37518f9f3962f066f89"
                    ]
                ],
                "18": [
                    
                ],
                "19": [
                    [
                        {
                            "id": "test",
                            "single_end": false
                        },
                        "test__residual.nii.gz:md5,9de918348ee1b9be4c1e1051867e098b"
                    ]
                ],
                "2": [
                    [
                        {
                            "id": "test",
                            "single_end": false
                        },
                        "test__evecs_v1.nii.gz:md5,d145e3d4c0eaa299a78352a2fe075ea8"
                    ]
                ],
                "20": [
                    [
                        {
                            "id": "test",
                            "single_end": false
                        },
                        "test__residual_iqr_residuals.npy:md5,4a71d46303bb3ac67088fe5cdaa5694a"
                    ]
                ],
                "21": [
                    [
                        {
                            "id": "test",
                            "single_end": false
                        },
                        "test__residual_mean_residuals.npy:md5,2247858eaf51c6e973649418f8721477"
                    ]
                ],
                "22": [
                    [
                        {
                            "id": "test",
                            "single_end": false
                        },
                        "test__residual_q1_residuals.npy:md5,4a71d46303bb3ac67088fe5cdaa5694a"
                    ]
                ],
                "23": [
                    [
                        {
                            "id": "test",
                            "single_end": false
                        },
                        "test__residual_q3_residuals.npy:md5,4a71d46303bb3ac67088fe5cdaa5694a"
                    ]
                ],
                "24": [
                    [
                        {
                            "id": "test",
                            "single_end": false
                        },
                        "test__residual_residuals_stats.png:md5,18ce14e9e554c8f5fb1cf0c87af36f9f"
                    ]
                ],
                "25": [
                    [
                        {
                            "id": "test",
                            "single_end": false
                        },
                        "test__residual_std_residuals.npy:md5,5e526c12b8a13b611bd1b2e00d4e1448"
                    ]
                ],
                "26": [
                    "versions.yml:md5,f057a83131297624fb6d9db93df8d749"
                ],
                "3": [
                    [
                        {
                            "id": "test",
                            "single_end": false
                        },
                        "test__evecs_v2.nii.gz:md5,8573a8551cfa29ee8fb1efee81a79fb8"
                    ]
                ],
                "4": [
                    [
                        {
                            "id": "test",
                            "single_end": false
                        },
                        "test__evecs_v3.nii.gz:md5,e6da3ced1e086da92fb1593f16e9a861"
                    ]
                ],
                "5": [
                    [
                        {
                            "id": "test",
                            "single_end": false
                        },
                        "test__evals.nii.gz:md5,62a56f74298f59038de8f3ac4e1d8f7e"
                    ]
                ],
                "6": [
                    [
                        {
                            "id": "test",
                            "single_end": false
                        },
                        "test__evals_e1.nii.gz:md5,ece4e1d0fc03f4bafc882b63285984d3"
                    ]
                ],
                "7": [
                    [
                        {
                            "id": "test",
                            "single_end": false
                        },
                        "test__evals_e2.nii.gz:md5,eb0cba1c29152ad36a7768e977326829"
                    ]
                ],
                "8": [
                    [
                        {
                            "id": "test",
                            "single_end": false
                        },
                        "test__evals_e3.nii.gz:md5,78744b78fa617c7c1a16ff824318359c"
                    ]
                ],
                "9": [
                    [
                        {
                            "id": "test",
                            "single_end": false
                        },
                        "test__fa.nii.gz:md5,1312f9d86432511fb10a3f1b941a03f1"
                    ]
                ],
                "ad": [
                    [
                        {
                            "id": "test",
                            "single_end": false
                        },
                        "test__ad.nii.gz:md5,ece4e1d0fc03f4bafc882b63285984d3"
                    ]
                ],
                "evals": [
                    [
                        {
                            "id": "test",
                            "single_end": false
                        },
                        "test__evals.nii.gz:md5,62a56f74298f59038de8f3ac4e1d8f7e"
                    ]
                ],
                "evals_e1": [
                    [
                        {
                            "id": "test",
                            "single_end": false
                        },
                        "test__evals_e1.nii.gz:md5,ece4e1d0fc03f4bafc882b63285984d3"
                    ]
                ],
                "evals_e2": [
                    [
                        {
                            "id": "test",
                            "single_end": false
                        },
                        "test__evals_e2.nii.gz:md5,eb0cba1c29152ad36a7768e977326829"
                    ]
                ],
                "evals_e3": [
                    [
                        {
                            "id": "test",
                            "single_end": false
                        },
                        "test__evals_e3.nii.gz:md5,78744b78fa617c7c1a16ff824318359c"
                    ]
                ],
                "evecs": [
                    [
                        {
                            "id": "test",
                            "single_end": false
                        },
                        "test__evecs.nii.gz:md5,4a5a99932c7308a82675f65fdec54ad4"
                    ]
                ],
                "evecs_v1": [
                    [
                        {
                            "id": "test",
                            "single_end": false
                        },
                        "test__evecs_v1.nii.gz:md5,d145e3d4c0eaa299a78352a2fe075ea8"
                    ]
                ],
                "evecs_v2": [
                    [
                        {
                            "id": "test",
                            "single_end": false
                        },
                        "test__evecs_v2.nii.gz:md5,8573a8551cfa29ee8fb1efee81a79fb8"
                    ]
                ],
                "evecs_v3": [
                    [
                        {
                            "id": "test",
                            "single_end": false
                        },
                        "test__evecs_v3.nii.gz:md5,e6da3ced1e086da92fb1593f16e9a861"
                    ]
                ],
                "fa": [
                    [
                        {
                            "id": "test",
                            "single_end": false
                        },
                        "test__fa.nii.gz:md5,1312f9d86432511fb10a3f1b941a03f1"
                    ]
                ],
                "ga": [
                    [
                        {
                            "id": "test",
                            "single_end": false
                        },
                        "test__ga.nii.gz:md5,531a1d6d77358da4a4bfad5008f0d1d0"
                    ]
                ],
                "md": [
                    [
                        {
                            "id": "test",
                            "single_end": false
                        },
                        "test__md.nii.gz:md5,d9a6ca6d7ad205b8ec0a90f0db4c53d9"
                    ]
                ],
                "mode": [
                    [
                        {
                            "id": "test",
                            "single_end": false
                        },
                        "test__mode.nii.gz:md5,0cce8b4665bf86842d70cd3e00600ba7"
                    ]
                ],
                "nonphysical": [
                    [
                        {
                            "id": "test",
                            "single_end": false
                        },
                        "test__nonphysical.nii.gz:md5,7da6de5ad6e7c37518f9f3962f066f89"
                    ]
                ],
                "norm": [
                    [
                        {
                            "id": "test",
                            "single_end": false
                        },
                        "test__norm.nii.gz:md5,43bbacd3d40499f3ca050212e5742975"
                    ]
                ],
                "pulsation_std_dwi": [
                    
                ],
                "rd": [
                    [
                        {
                            "id": "test",
                            "single_end": false
                        },
                        "test__rd.nii.gz:md5,d33a7089844a53184c0548cdf8899efa"
                    ]
                ],
                "residual": [
                    [
                        {
                            "id": "test",
                            "single_end": false
                        },
                        "test__residual.nii.gz:md5,9de918348ee1b9be4c1e1051867e098b"
                    ]
                ],
                "residual_iqr_residuals": [
                    [
                        {
                            "id": "test",
                            "single_end": false
                        },
                        "test__residual_iqr_residuals.npy:md5,4a71d46303bb3ac67088fe5cdaa5694a"
                    ]
                ],
                "residual_mean_residuals": [
                    [
                        {
                            "id": "test",
                            "single_end": false
                        },
                        "test__residual_mean_residuals.npy:md5,2247858eaf51c6e973649418f8721477"
                    ]
                ],
                "residual_q1_residuals": [
                    [
                        {
                            "id": "test",
                            "single_end": false
                        },
                        "test__residual_q1_residuals.npy:md5,4a71d46303bb3ac67088fe5cdaa5694a"
                    ]
                ],
                "residual_q3_residuals": [
                    [
                        {
                            "id": "test",
                            "single_end": false
                        },
                        "test__residual_q3_residuals.npy:md5,4a71d46303bb3ac67088fe5cdaa5694a"
                    ]
                ],
                "residual_residuals_stats": [
                    [
                        {
                            "id": "test",
                            "single_end": false
                        },
                        "test__residual_residuals_stats.png:md5,18ce14e9e554c8f5fb1cf0c87af36f9f"
                    ]
                ],
                "residual_std_residuals": [
                    [
                        {
                            "id": "test",
                            "single_end": false
                        },
                        "test__residual_std_residuals.npy:md5,5e526c12b8a13b611bd1b2e00d4e1448"
                    ]
                ],
                "rgb": [
                    [
                        {
                            "id": "test",
                            "single_end": false
                        },
                        "test__rgb.nii.gz:md5,601b67930e79dbf23dfaeb5aafe6f3e7"
                    ]
                ],
                "tensor": [
                    [
                        {
                            "id": "test",
                            "single_end": false
                        },
                        "test__tensor.nii.gz:md5,708a682e94de668f2a9881d32d332ae5"
                    ]
                ],
                "versions": [
                    "versions.yml:md5,f057a83131297624fb6d9db93df8d749"
                ]
            }
        ],
        "meta": {
            "nf-test": "0.9.0-rc1",
            "nextflow": "24.04.2"
        },
        "timestamp": "2024-06-20T15:59:37.527505"
    }
}