{
    "reconst - shmetrics": {
        "content": [
            {
                "0": [
                    [
                        {
                            "id": "test",
                            "single_end": false
                        },
                        "test__peaks.nii.gz:md5,fde9309c76cac51a1abd4f6693aa3cde"
                    ]
                ],
                "1": [
                    [
                        {
                            "id": "test",
                            "single_end": false
                        },
                        "test__peak_values.nii.gz:md5,9620c7f4c14f5fbd581e689203d3f901"
                    ]
                ],
                "2": [
                    [
                        {
                            "id": "test",
                            "single_end": false
                        },
                        "test__peak_indices.nii.gz:md5,eea56d9bd15b321df120f9983b5ef0bd"
                    ]
                ],
                "3": [
                    [
                        {
                            "id": "test",
                            "single_end": false
                        },
                        "test__afd_max.nii.gz:md5,7cadad1e2ab2e04c13c64d036d2feca1"
                    ]
                ],
                "4": [
                    [
                        {
                            "id": "test",
                            "single_end": false
                        },
                        "test__afd_total.nii.gz:md5,024a8c657e77c3611c5a15a9868e308d"
                    ]
                ],
                "5": [
                    [
                        {
                            "id": "test",
                            "single_end": false
                        },
                        "test__afd_sum.nii.gz:md5,7e668e506d26437b75b8db575fb2b27c"
                    ]
                ],
                "6": [
                    [
                        {
                            "id": "test",
                            "single_end": false
                        },
                        "test__nufo.nii.gz:md5,0ba1886fb00013fa225e2e5f12a30ab8"
                    ]
                ],
                "7": [
                    [
                        {
                            "id": "test",
                            "single_end": false
                        },
                        "test__ventricles_mask.nii.gz:md5,bd3b550c4470eb62fe279c28879b6b5d"
                    ]
                ],
                "8": [
                    "versions.yml:md5,a07e324c55b4310c93cc4003bee2cd6c"
                ],
                "afd_max": [
                    [
                        {
                            "id": "test",
                            "single_end": false
                        },
                        "test__afd_max.nii.gz:md5,7cadad1e2ab2e04c13c64d036d2feca1"
                    ]
                ],
                "afd_sum": [
                    [
                        {
                            "id": "test",
                            "single_end": false
                        },
                        "test__afd_sum.nii.gz:md5,7e668e506d26437b75b8db575fb2b27c"
                    ]
                ],
                "afd_total": [
                    [
                        {
                            "id": "test",
                            "single_end": false
                        },
                        "test__afd_total.nii.gz:md5,024a8c657e77c3611c5a15a9868e308d"
                    ]
                ],
                "nufo": [
                    [
                        {
                            "id": "test",
                            "single_end": false
                        },
                        "test__nufo.nii.gz:md5,0ba1886fb00013fa225e2e5f12a30ab8"
                    ]
                ],
                "peak_indices": [
                    [
                        {
                            "id": "test",
                            "single_end": false
                        },
                        "test__peak_indices.nii.gz:md5,eea56d9bd15b321df120f9983b5ef0bd"
                    ]
                ],
                "peak_values": [
                    [
                        {
                            "id": "test",
                            "single_end": false
                        },
                        "test__peak_values.nii.gz:md5,9620c7f4c14f5fbd581e689203d3f901"
                    ]
                ],
                "peaks": [
                    [
                        {
                            "id": "test",
                            "single_end": false
                        },
                        "test__peaks.nii.gz:md5,fde9309c76cac51a1abd4f6693aa3cde"
                    ]
                ],
                "vent_mask": [
                    [
                        {
                            "id": "test",
                            "single_end": false
                        },
                        "test__ventricles_mask.nii.gz:md5,bd3b550c4470eb62fe279c28879b6b5d"
                    ]
                ],
                "versions": [
                    "versions.yml:md5,a07e324c55b4310c93cc4003bee2cd6c"
                ]
            }
        ],
        "meta": {
            "nf-test": "0.9.0-rc1",
            "nextflow": "24.04.2"
        },
        "timestamp": "2024-06-20T16:07:38.145888"
    }
}