{
    "reconst - freewater_no_mask": {
        "content": [
            {
                "0": [
                    
                ],
                "1": [
                    
                ],
                "2": [
                    
                ],
                "3": [
                    
                ],
                "4": [
                    
                ],
                "5": [
                    [
                        "A_001.npy:md5,6f9d7fc1a26aa2ab8ca828afb5755961",
                        "A_002.npy:md5,ccfa076388b0753d9d75f5ee73b57628",
                        "A_003.npy:md5,7ac947bf8108278113425d0c34ae341b",
                        "A_004.npy:md5,846e8a7fe0040ab54ddbd525090a291e",
                        "A_005.npy:md5,d162bdb724a96b2edc90de822395adf6",
                        "A_006.npy:md5,60c5a44cf6b0ef2ceed2b4f5e114bc99",
                        "A_007.npy:md5,2ea329f9c39c8d2eab60a483380eb387",
                        "A_008.npy:md5,f0c393616b39df5101691623608417c2",
                        "A_009.npy:md5,33aa1d66b4fa78f6bc5044b9c54ea4f7",
                        "A_010.npy:md5,1d3ef61f6b387d274442e0ec3c9c4653",
                        "A_011.npy:md5,3c6c7331e15b13ab4cef51b789dfdd0a"
                    ]
                ],
                "6": [
                    "versions.yml:md5,8c5d0f921a9f4a719aa37c7a45699960"
                ],
                "dir": [
                    
                ],
                "dwi_fw_corrected": [
                    
                ],
                "fibervolume": [
                    
                ],
                "fw": [
                    
                ],
                "kernels": [
                    [
                        "A_001.npy:md5,6f9d7fc1a26aa2ab8ca828afb5755961",
                        "A_002.npy:md5,ccfa076388b0753d9d75f5ee73b57628",
                        "A_003.npy:md5,7ac947bf8108278113425d0c34ae341b",
                        "A_004.npy:md5,846e8a7fe0040ab54ddbd525090a291e",
                        "A_005.npy:md5,d162bdb724a96b2edc90de822395adf6",
                        "A_006.npy:md5,60c5a44cf6b0ef2ceed2b4f5e114bc99",
                        "A_007.npy:md5,2ea329f9c39c8d2eab60a483380eb387",
                        "A_008.npy:md5,f0c393616b39df5101691623608417c2",
                        "A_009.npy:md5,33aa1d66b4fa78f6bc5044b9c54ea4f7",
                        "A_010.npy:md5,1d3ef61f6b387d274442e0ec3c9c4653",
                        "A_011.npy:md5,3c6c7331e15b13ab4cef51b789dfdd0a"
                    ]
                ],
                "nrmse": [
                    
                ],
                "versions": [
                    "versions.yml:md5,8c5d0f921a9f4a719aa37c7a45699960"
                ]
            }
        ],
        "meta": {
            "nf-test": "0.9.0-rc1",
            "nextflow": "24.04.2"
        },
        "timestamp": "2024-06-20T16:03:47.552263"
    },
    "reconst - freewater": {
        "content": [
            {
                "0": [
                    
                ],
                "1": [
                    
                ],
                "2": [
                    
                ],
                "3": [
                    
                ],
                "4": [
                    
                ],
                "5": [
                    [
                        "A_001.npy:md5,6f9d7fc1a26aa2ab8ca828afb5755961",
                        "A_002.npy:md5,ccfa076388b0753d9d75f5ee73b57628",
                        "A_003.npy:md5,7ac947bf8108278113425d0c34ae341b",
                        "A_004.npy:md5,846e8a7fe0040ab54ddbd525090a291e",
                        "A_005.npy:md5,d162bdb724a96b2edc90de822395adf6",
                        "A_006.npy:md5,60c5a44cf6b0ef2ceed2b4f5e114bc99",
                        "A_007.npy:md5,2ea329f9c39c8d2eab60a483380eb387",
                        "A_008.npy:md5,f0c393616b39df5101691623608417c2",
                        "A_009.npy:md5,33aa1d66b4fa78f6bc5044b9c54ea4f7",
                        "A_010.npy:md5,1d3ef61f6b387d274442e0ec3c9c4653",
                        "A_011.npy:md5,3c6c7331e15b13ab4cef51b789dfdd0a"
                    ]
                ],
                "6": [
                    "versions.yml:md5,8c5d0f921a9f4a719aa37c7a45699960"
                ],
                "dir": [
                    
                ],
                "dwi_fw_corrected": [
                    
                ],
                "fibervolume": [
                    
                ],
                "fw": [
                    
                ],
                "kernels": [
                    [
                        "A_001.npy:md5,6f9d7fc1a26aa2ab8ca828afb5755961",
                        "A_002.npy:md5,ccfa076388b0753d9d75f5ee73b57628",
                        "A_003.npy:md5,7ac947bf8108278113425d0c34ae341b",
                        "A_004.npy:md5,846e8a7fe0040ab54ddbd525090a291e",
                        "A_005.npy:md5,d162bdb724a96b2edc90de822395adf6",
                        "A_006.npy:md5,60c5a44cf6b0ef2ceed2b4f5e114bc99",
                        "A_007.npy:md5,2ea329f9c39c8d2eab60a483380eb387",
                        "A_008.npy:md5,f0c393616b39df5101691623608417c2",
                        "A_009.npy:md5,33aa1d66b4fa78f6bc5044b9c54ea4f7",
                        "A_010.npy:md5,1d3ef61f6b387d274442e0ec3c9c4653",
                        "A_011.npy:md5,3c6c7331e15b13ab4cef51b789dfdd0a"
                    ]
                ],
                "nrmse": [
                    
                ],
                "versions": [
                    "versions.yml:md5,8c5d0f921a9f4a719aa37c7a45699960"
                ]
            }
        ],
        "meta": {
            "nf-test": "0.9.0-rc1",
            "nextflow": "24.04.2"
        },
        "timestamp": "2024-06-20T16:03:24.496099"
    }
}